******************************************************************************
                  TI ARM Linker PC v20.2.7                     
******************************************************************************
>> Linked Fri Apr  7 21:32:42 2023

OUTPUT FILE NAME:   <lab15.out>
ENTRY POINT SYMBOL: "_c_int00_noinit_noargs"  address: 000007ed


MEMORY CONFIGURATION

         name            origin    length      used     unused   attr    fill
----------------------  --------  ---------  --------  --------  ----  --------
  FLASH                 00000000   00040000  000009c8  0003f638  R  X
  SRAM                  20000000   00008000  00000200  00007e00  RW X


SEGMENT ALLOCATION MAP

run origin  load origin   length   init length attrs members
----------  ----------- ---------- ----------- ----- -------
00000000    00000000    000009c8   000009c8    r-x
  00000000    00000000    0000026c   0000026c    r-- .intvecs
  0000026c    0000026c    00000660   00000660    r-x .text
  000008cc    000008cc    000000fc   000000fc    r-- .const
20000000    20000000    00000200   00000000    rw-
  20000000    20000000    00000200   00000000    rw- .stack


SECTION ALLOCATION MAP

 output                                  attributes/
section   page    origin      length       input sections
--------  ----  ----------  ----------   ----------------
.intvecs   0    00000000    0000026c     
                  00000000    0000026c     startup_ccs.obj (.intvecs)

.text      0    0000026c    00000660     
                  0000026c    0000016c     driverlib.lib : gpio.obj (.text:GPIOPadConfigSet)
                  000003d8    0000015c     main.obj (.text)
                  00000534    00000118     driverlib.lib : sysctl.obj (.text:SysCtlClockGet)
                  0000064c    000000f4                   : sysctl.obj (.text:SysCtlClockSet)
                  00000740    0000004c                   : gpio.obj (.text:GPIOPinConfigure)
                  0000078c    00000034                   : sysctl.obj (.text:SysCtlPeripheralEnable)
                  000007c0    0000002c                   : gpio.obj (.text:GPIODirModeSet)
                  000007ec    0000002c     rtsv7M4_T_le_v4SPD16_eabi.lib : boot_cortex_m.c.obj (.text:_c_int00_noinit_noargs:_c_int00_noinit_noargs)
                  00000818    00000022     driverlib.lib : pwm.obj (.text:PWMGenConfigure)
                  0000083a    0000001e                   : pwm.obj (.text:PWMPulseWidthSet)
                  00000858    00000016                   : gpio.obj (.text:GPIOPinTypePWM)
                  0000086e    00000002     --HOLE-- [fill = 0]
                  00000870    00000014                   : sysctl.obj (.text:SysCtlPWMClockSet)
                  00000884    00000012                   : pwm.obj (.text:PWMOutputState)
                  00000896    00000010                   : pwm.obj (.text:PWMGenPeriodSet)
                  000008a6    0000000c                   : pwm.obj (.text:PWMGenEnable)
                  000008b2    0000000c     startup_ccs.obj (.text)
                  000008be    00000006     driverlib.lib : sysctl.obj (.text:SysCtlDelay)
                  000008c4    00000004     rtsv7M4_T_le_v4SPD16_eabi.lib : pre_init.c.obj (.text:_system_pre_init)
                  000008c8    00000004                                   : exit.c.obj (.text:abort:abort)

.const     0    000008cc    000000fc     
                  000008cc    00000090     driverlib.lib : gpio.obj (.const:g_pui32GPIOBaseAddrs)
                  0000095c    0000006c                   : sysctl.obj (.const:g_pui32Xtals)

.cinit     0    00000000    00000000     UNINITIALIZED

.init_array 
*          0    00000000    00000000     UNINITIALIZED

.stack     0    20000000    00000200     UNINITIALIZED
                  20000000    00000004     rtsv7M4_T_le_v4SPD16_eabi.lib : boot_cortex_m.c.obj (.stack)
                  20000004    000001fc     --HOLE--

__llvm_prf_cnts 
*          0    20000000    00000000     UNINITIALIZED

MODULE SUMMARY

       Module                code   ro data   rw data
       ------                ----   -------   -------
    .\
       startup_ccs.obj       12     620       0      
       main.obj              348    0         0      
    +--+---------------------+------+---------+---------+
       Total:                360    620       0      
                                                     
    C:/ti/TivaWare_C_Series-2.2.0.295/driverlib/ccs/Debug/driverlib.lib
       sysctl.obj            602    108       0      
       gpio.obj              506    144       0      
       pwm.obj               110    0         0      
    +--+---------------------+------+---------+---------+
       Total:                1218   252       0      
                                                     
    C:\ti\ccs1220\ccs\tools\compiler\ti-cgt-arm_20.2.7.LTS\lib\rtsv7M4_T_le_v4SPD16_eabi.lib
       boot_cortex_m.c.obj   44     0         0      
       exit.c.obj            4      0         0      
       pre_init.c.obj        4      0         0      
    +--+---------------------+------+---------+---------+
       Total:                52     0         0      
                                                     
       Stack:                0      0         512    
    +--+---------------------+------+---------+---------+
       Grand Total:          1630   872       512    


GLOBAL SYMBOLS: SORTED ALPHABETICALLY BY Name 

address   name                   
-------   ----                   
000008c9  C$$EXIT                
000007c1  GPIODirModeSet         
0000026d  GPIOPadConfigSet       
00000741  GPIOPinConfigure       
00000859  GPIOPinTypePWM         
00000819  PWMGenConfigure        
000008a7  PWMGenEnable           
00000897  PWMGenPeriodSet        
00000885  PWMOutputState         
0000083b  PWMPulseWidthSet       
000008b3  ResetISR               
00000535  SysCtlClockGet         
0000064d  SysCtlClockSet         
000008bf  SysCtlDelay            
00000871  SysCtlPWMClockSet      
0000078d  SysCtlPeripheralEnable 
20000200  __STACK_END            
00000200  __STACK_SIZE           
20000200  __STACK_TOP            
ffffffff  __TI_pprof_out_hndl    
ffffffff  __TI_prof_data_size    
ffffffff  __TI_prof_data_start   
00000000  __TI_static_base__     
ffffffff  __binit__              
ffffffff  __c_args__             
UNDEFED   __mpu_init             
20000000  __stack                
20000000  __start___llvm_prf_cnts
20000000  __stop___llvm_prf_cnts 
000007ed  _c_int00_noinit_noargs 
000008c5  _system_pre_init       
000008c9  abort                  
ffffffff  binit                  
000003d9  delayMS                
00000000  g_pfnVectors           
000003f5  main                   


GLOBAL SYMBOLS: SORTED BY Symbol Address 

address   name                   
-------   ----                   
00000000  __TI_static_base__     
00000000  g_pfnVectors           
00000200  __STACK_SIZE           
0000026d  GPIOPadConfigSet       
000003d9  delayMS                
000003f5  main                   
00000535  SysCtlClockGet         
0000064d  SysCtlClockSet         
00000741  GPIOPinConfigure       
0000078d  SysCtlPeripheralEnable 
000007c1  GPIODirModeSet         
000007ed  _c_int00_noinit_noargs 
00000819  PWMGenConfigure        
0000083b  PWMPulseWidthSet       
00000859  GPIOPinTypePWM         
00000871  SysCtlPWMClockSet      
00000885  PWMOutputState         
00000897  PWMGenPeriodSet        
000008a7  PWMGenEnable           
000008b3  ResetISR               
000008bf  SysCtlDelay            
000008c5  _system_pre_init       
000008c9  C$$EXIT                
000008c9  abort                  
20000000  __stack                
20000000  __start___llvm_prf_cnts
20000000  __stop___llvm_prf_cnts 
20000200  __STACK_END            
20000200  __STACK_TOP            
ffffffff  __TI_pprof_out_hndl    
ffffffff  __TI_prof_data_size    
ffffffff  __TI_prof_data_start   
ffffffff  __binit__              
ffffffff  __c_args__             
ffffffff  binit                  
UNDEFED   __mpu_init             

[36 symbols]
